(---------------------------------------------------------------------)
(                                                                     )
(    Allegro Netrev Import Logic                                      )
(                                                                     )
(    Drawing          : motherboard.brd                               )
(    Software Version : unreleased                                    )
(    Date/Time        : Wed Jul 20 22:06:25 2022                      )
(                                                                     )
(---------------------------------------------------------------------)


------ Directives ------------

Ripup etch:                  No
Ripup delete first segment:  No
Ripup retain bondwire:       No
Ripup symbols:               Always
Missing symbol has error:    No
DRC update:                  Yes
Schematic directory:         '.'
Design Directory:            'C:/GIT/BLDC Platform/Hardware/OrCad Project/power_board/PCB'
Old design name:             'C:/GIT/BLDC Platform/Hardware/OrCad Project/power_board/PCB/motherboard.brd'
New design name:             'C:/GIT/BLDC Platform/Hardware/OrCad Project/power_board/PCB/motherboard.brd'

CmdLine: netrev -$ -i . -y 1 -h -q netrev_constraint_report.xml C:/GIT/BLDC Platform/Hardware/OrCad Project/power_board/PCB/#Taaaaax08756.tmp

------ Preparing to read pst files ------

Starting to read ./pstchip.dat 
   Finished reading ./pstchip.dat (00:00:00.03)
Starting to read ./pstxprt.dat 
   Finished reading ./pstxprt.dat (00:00:00.00)
Starting to read ./pstxnet.dat 
   Finished reading ./pstxnet.dat (00:00:00.00)

------ Oversights/Warnings/Errors ------


------ Library Paths ------
MODULEPATH =  . 
           C:/Cadence/SPB_17.4/share/local/pcb/modules 

PSMPATH =  . 
           symbols 
           .. 
           ../symbols 
           C:/Cadence/SPB_17.4/share/local/pcb/symbols 
           C:/Cadence/SPB_17.4/share/pcb/pcb_lib/symbols 
           C:/Cadence/SPB_17.4/share/pcb/allegrolib/symbols 
           C:/GIT/BLDC Platform/Hardware/OrCad Project/parts 
           C:/GIT/BLDC Platform/Hardware/OrCad Project/power_board/PCB/Footprints 

PADPATH =  C:/GIT/BLDC Platform/Hardware/OrCad Project/parts 
           . 
           symbols 
           .. 
           ../symbols 
           C:/Cadence/SPB_17.4/share/local/pcb/padstacks 
           C:/Cadence/SPB_17.4/share/pcb/pcb_lib/symbols 
           C:/Cadence/SPB_17.4/share/pcb/allegrolib/symbols 
           C:/GIT/BLDC Platform/Hardware/OrCad Project/power_board/PCB/Footprints 


------ Summary Statistics ------


netrev run on Jul 20 22:06:25 2022
   DESIGN NAME : 'BLDC_MOTOR_DRIVER'
   PACKAGING ON Oct  7 2019 04:16:49

   COMPILE 'logic'
   CHECK_PIN_NAMES OFF
   CROSS_REFERENCE OFF
   FEEDBACK OFF
   INCREMENTAL OFF
   INTERFACE_TYPE PHYSICAL
   MAX_ERRORS 500
   MERGE_MINIMUM 5
   NET_NAME_CHARS '#%&()*+-./:=>?@[]^_`|'
   NET_NAME_LENGTH 24
   OVERSIGHTS ON
   REPLACE_CHECK OFF
   SINGLE_NODE_NETS ON
   SPLIT_MINIMUM 0
   SUPPRESS   20
   WARNINGS ON

 No error detected
 No oversight detected
 No warning detected

cpu time      0:06:22
elapsed time  0:00:04

